
════════════════════════════════════════════════════════════
  🚀 Daily Report Generator Web 服务器
════════════════════════════════════════════════════════════

  ✅ 服务器已启动
  📍 地址: http://localhost:8080
  🌐 UI: http://localhost:8080/ui/
  📁 根目录: C:\Users\Administrator\Desktop\daily-report

  💡 提示:
     1. 在浏览器中打开上面的地址
     2. 或直接访问: http://localhost:8080
     3. 按 Ctrl+C 关闭服务器

════════════════════════════════════════════════════════════

(node:11948) [DEP0169] DeprecationWarning: `url.parse()` behavior is not standardized and prone to errors that have security implications. Use the WHATWG URL API instead. CVEs are not issued for `url.parse()` vulnerabilities.
(Use `node --trace-deprecation ...` to show where the warning was created)

════════════════════════════════════════════════════════════
  🚀 Daily Report Generator Web 服务器
════════════════════════════════════════════════════════════

  ✅ 服务器已启动
  📍 地址: http://localhost:6688
  🌐 UI: http://localhost:6688/ui/
  📁 根目录: C:\Users\Administrator\Desktop\daily-report

  💡 提示:
     1. 在浏览器中打开上面的地址
     2. 或直接访问: http://localhost:6688
     3. 按 Ctrl+C 关闭服务器

════════════════════════════════════════════════════════════

(node:17612) [DEP0169] DeprecationWarning: `url.parse()` behavior is not standardized and prone to errors that have security implications. Use the WHATWG URL API instead. CVEs are not issued for `url.parse()` vulnerabilities.
(Use `node --trace-deprecation ...` to show where the warning was created)

════════════════════════════════════════════════════════════
  🚀 Daily Report Generator Web 服务器
════════════════════════════════════════════════════════════

  ✅ 服务器已启动
  📍 地址: http://localhost:6688
  🌐 UI: http://localhost:6688/ui/
  📁 根目录: C:\Users\Administrator\Desktop\daily-report

  💡 提示:
     1. 在浏览器中打开上面的地址
     2. 或直接访问: http://localhost:6688
     3. 按 Ctrl+C 关闭服务器

════════════════════════════════════════════════════════════

(node:5292) [DEP0169] DeprecationWarning: `url.parse()` behavior is not standardized and prone to errors that have security implications. Use the WHATWG URL API instead. CVEs are not issued for `url.parse()` vulnerabilities.
(Use `node --trace-deprecation ...` to show where the warning was created)

════════════════════════════════════════════════════════════
  🚀 Daily Report Generator Web 服务器
════════════════════════════════════════════════════════════

  ✅ 服务器已启动
  📍 地址: http://localhost:6688
  🌐 UI: http://localhost:6688/ui/
  📁 根目录: C:\Users\Administrator\Desktop\daily-report

  💡 提示:
     1. 在浏览器中打开上面的地址
     2. 或直接访问: http://localhost:6688
     3. 按 Ctrl+C 关闭服务器

════════════════════════════════════════════════════════════

(node:17972) [DEP0169] DeprecationWarning: `url.parse()` behavior is not standardized and prone to errors that have security implications. Use the WHATWG URL API instead. CVEs are not issued for `url.parse()` vulnerabilities.
(Use `node --trace-deprecation ...` to show where the warning was created)

════════════════════════════════════════════════════════════
  🚀 Daily Report Generator Web 服务器
════════════════════════════════════════════════════════════

  ✅ 服务器已启动
  📍 地址: http://localhost:6688
  🌐 UI: http://localhost:6688/ui/
  📁 根目录: C:\Users\Administrator\Desktop\daily-report

  💡 提示:
     1. 在浏览器中打开上面的地址
     2. 或直接访问: http://localhost:6688
     3. 按 Ctrl+C 关闭服务器

════════════════════════════════════════════════════════════

(node:19952) [DEP0169] DeprecationWarning: `url.parse()` behavior is not standardized and prone to errors that have security implications. Use the WHATWG URL API instead. CVEs are not issued for `url.parse()` vulnerabilities.
(Use `node --trace-deprecation ...` to show where the warning was created)

════════════════════════════════════════════════════════════
  🚀 Daily Report Generator Web 服务器
════════════════════════════════════════════════════════════

  ✅ 服务器已启动
  📍 地址: http://localhost:6688
  🌐 UI: http://localhost:6688/ui/
  📁 根目录: C:\Users\Administrator\Desktop\daily-report

  💡 提示:
     1. 在浏览器中打开上面的地址
     2. 或直接访问: http://localhost:6688
     3. 按 Ctrl+C 关闭服务器

════════════════════════════════════════════════════════════

(node:19484) [DEP0169] DeprecationWarning: `url.parse()` behavior is not standardized and prone to errors that have security implications. Use the WHATWG URL API instead. CVEs are not issued for `url.parse()` vulnerabilities.
(Use `node --trace-deprecation ...` to show where the warning was created)

════════════════════════════════════════════════════════════
  🚀 Daily Report Generator Web 服务器
════════════════════════════════════════════════════════════

  ✅ 服务器已启动
  📍 地址: http://localhost:6688
  🌐 UI: http://localhost:6688/ui/
  📁 根目录: C:\Users\Administrator\Desktop\daily-report

  💡 提示:
     1. 在浏览器中打开上面的地址
     2. 或直接访问: http://localhost:6688
     3. 按 Ctrl+C 关闭服务器

════════════════════════════════════════════════════════════

(node:5592) [DEP0169] DeprecationWarning: `url.parse()` behavior is not standardized and prone to errors that have security implications. Use the WHATWG URL API instead. CVEs are not issued for `url.parse()` vulnerabilities.
(Use `node --trace-deprecation ...` to show where the warning was created)

════════════════════════════════════════════════════════════
  🚀 Daily Report Generator Web 服务器
════════════════════════════════════════════════════════════

  ✅ 服务器已启动
  📍 地址: http://localhost:6688
  🌐 UI: http://localhost:6688/ui/
  📁 根目录: C:\Users\Administrator\Desktop\daily-report

  💡 提示:
     1. 在浏览器中打开上面的地址
     2. 或直接访问: http://localhost:6688
     3. 按 Ctrl+C 关闭服务器

════════════════════════════════════════════════════════════

(node:12828) [DEP0169] DeprecationWarning: `url.parse()` behavior is not standardized and prone to errors that have security implications. Use the WHATWG URL API instead. CVEs are not issued for `url.parse()` vulnerabilities.
(Use `node --trace-deprecation ...` to show where the warning was created)
✅ 定时任务管理器已初始化
ℹ️ 定时任务已禁用

════════════════════════════════════════════════════════════
  🚀 Daily Report Generator Web 服务器
════════════════════════════════════════════════════════════

  ✅ 服务器已启动
  📍 地址: http://localhost:6688
  🌐 UI: http://localhost:6688/ui/
  📁 根目录: C:\Users\Administrator\Desktop\daily-report

  💡 提示:
     1. 在浏览器中打开上面的地址
     2. 或直接访问: http://localhost:6688
     3. 按 Ctrl+C 关闭服务器

════════════════════════════════════════════════════════════

(node:4100) [DEP0169] DeprecationWarning: `url.parse()` behavior is not standardized and prone to errors that have security implications. Use the WHATWG URL API instead. CVEs are not issued for `url.parse()` vulnerabilities.
(Use `node --trace-deprecation ...` to show where the warning was created)
✅ 定时任务管理器已初始化
ℹ️ 定时任务已禁用

════════════════════════════════════════════════════════════
  🚀 Daily Report Generator Web 服务器
════════════════════════════════════════════════════════════

  ✅ 服务器已启动
  📍 地址: http://localhost:6688
  🌐 UI: http://localhost:6688/ui/
  📁 根目录: C:\Users\Administrator\Desktop\daily-report

  💡 提示:
     1. 在浏览器中打开上面的地址
     2. 或直接访问: http://localhost:6688
     3. 按 Ctrl+C 关闭服务器

════════════════════════════════════════════════════════════

(node:10964) [DEP0169] DeprecationWarning: `url.parse()` behavior is not standardized and prone to errors that have security implications. Use the WHATWG URL API instead. CVEs are not issued for `url.parse()` vulnerabilities.
(Use `node --trace-deprecation ...` to show where the warning was created)
✅ 定时任务管理器已初始化
ℹ️ 定时任务已禁用

════════════════════════════════════════════════════════════
  🚀 Daily Report Generator Web 服务器
════════════════════════════════════════════════════════════

  ✅ 服务器已启动
  📍 地址: http://localhost:6688
  🌐 UI: http://localhost:6688/ui/
  📁 根目录: C:\Users\Administrator\Desktop\daily-report

  💡 提示:
     1. 在浏览器中打开上面的地址
     2. 或直接访问: http://localhost:6688
     3. 按 Ctrl+C 关闭服务器

════════════════════════════════════════════════════════════

(node:25192) [DEP0169] DeprecationWarning: `url.parse()` behavior is not standardized and prone to errors that have security implications. Use the WHATWG URL API instead. CVEs are not issued for `url.parse()` vulnerabilities.
(Use `node --trace-deprecation ...` to show where the warning was created)
✅ 定时任务管理器已初始化
ℹ️ 定时任务已禁用

════════════════════════════════════════════════════════════
  🚀 Daily Report Generator Web 服务器
════════════════════════════════════════════════════════════

  ✅ 服务器已启动
  📍 地址: http://localhost:6688
  🌐 UI: http://localhost:6688/ui/
  📁 根目录: C:\Users\Administrator\Desktop\daily-report

  💡 提示:
     1. 在浏览器中打开上面的地址
     2. 或直接访问: http://localhost:6688
     3. 按 Ctrl+C 关闭服务器

════════════════════════════════════════════════════════════

(node:16804) [DEP0169] DeprecationWarning: `url.parse()` behavior is not standardized and prone to errors that have security implications. Use the WHATWG URL API instead. CVEs are not issued for `url.parse()` vulnerabilities.
(Use `node --trace-deprecation ...` to show where the warning was created)
✅ 定时任务管理器已初始化
ℹ️ 定时任务已禁用

════════════════════════════════════════════════════════════
  🚀 Daily Report Generator Web 服务器
════════════════════════════════════════════════════════════

  ✅ 服务器已启动
  📍 地址: http://localhost:6688
  🌐 UI: http://localhost:6688/ui/
  📁 根目录: C:\Users\Administrator\Desktop\daily-report

  💡 提示:
     1. 在浏览器中打开上面的地址
     2. 或直接访问: http://localhost:6688
     3. 按 Ctrl+C 关闭服务器

════════════════════════════════════════════════════════════

(node:23464) [DEP0169] DeprecationWarning: `url.parse()` behavior is not standardized and prone to errors that have security implications. Use the WHATWG URL API instead. CVEs are not issued for `url.parse()` vulnerabilities.
(Use `node --trace-deprecation ...` to show where the warning was created)
✅ 定时任务管理器已初始化
ℹ️ 定时任务已禁用

════════════════════════════════════════════════════════════
  🚀 Daily Report Generator Web 服务器
════════════════════════════════════════════════════════════

  ✅ 服务器已启动
  📍 地址: http://localhost:6688
  🌐 UI: http://localhost:6688/ui/
  📁 根目录: C:\Users\Administrator\Desktop\daily-report

  💡 提示:
     1. 在浏览器中打开上面的地址
     2. 或直接访问: http://localhost:6688
     3. 按 Ctrl+C 关闭服务器

════════════════════════════════════════════════════════════

(node:22216) [DEP0169] DeprecationWarning: `url.parse()` behavior is not standardized and prone to errors that have security implications. Use the WHATWG URL API instead. CVEs are not issued for `url.parse()` vulnerabilities.
(Use `node --trace-deprecation ...` to show where the warning was created)
✅ 定时任务管理器已初始化
✅ 定时任务已启动 (间隔: 1小时)

════════════════════════════════════════════════════════════
  🚀 Daily Report Generator Web 服务器
════════════════════════════════════════════════════════════

  ✅ 服务器已启动
  📍 地址: http://localhost:6688
  🌐 UI: http://localhost:6688/ui/
  📁 根目录: C:\Users\Administrator\Desktop\daily-report

  💡 提示:
     1. 在浏览器中打开上面的地址
     2. 或直接访问: http://localhost:6688
     3. 按 Ctrl+C 关闭服务器

════════════════════════════════════════════════════════════

(node:22676) [DEP0169] DeprecationWarning: `url.parse()` behavior is not standardized and prone to errors that have security implications. Use the WHATWG URL API instead. CVEs are not issued for `url.parse()` vulnerabilities.
(Use `node --trace-deprecation ...` to show where the warning was created)
✅ 定时任务管理器已初始化
✅ 定时任务已启动 (间隔: 30分钟)

════════════════════════════════════════════════════════════
  🚀 Daily Report Generator Web 服务器
════════════════════════════════════════════════════════════

  ✅ 服务器已启动
  📍 地址: http://localhost:6688
  🌐 UI: http://localhost:6688/ui/
  📁 根目录: C:\Users\Administrator\Desktop\daily-report

  💡 提示:
     1. 在浏览器中打开上面的地址
     2. 或直接访问: http://localhost:6688
     3. 按 Ctrl+C 关闭服务器

════════════════════════════════════════════════════════════

(node:10864) [DEP0169] DeprecationWarning: `url.parse()` behavior is not standardized and prone to errors that have security implications. Use the WHATWG URL API instead. CVEs are not issued for `url.parse()` vulnerabilities.
(Use `node --trace-deprecation ...` to show where the warning was created)
✅ 定时任务管理器已初始化
✅ 定时任务已启动 (间隔: 60分钟)

════════════════════════════════════════════════════════════
  🚀 Daily Report Generator Web 服务器
════════════════════════════════════════════════════════════

  ✅ 服务器已启动
  📍 地址: http://localhost:6688
  🌐 UI: http://localhost:6688/ui/
  📁 根目录: C:\Users\Administrator\Desktop\daily-report

  💡 提示:
     1. 在浏览器中打开上面的地址
     2. 或直接访问: http://localhost:6688
     3. 按 Ctrl+C 关闭服务器

════════════════════════════════════════════════════════════

(node:7492) [DEP0169] DeprecationWarning: `url.parse()` behavior is not standardized and prone to errors that have security implications. Use the WHATWG URL API instead. CVEs are not issued for `url.parse()` vulnerabilities.
(Use `node --trace-deprecation ...` to show where the warning was created)
✅ 定时任务管理器已初始化
✅ 定时任务已启动 (间隔: 30分钟)

════════════════════════════════════════════════════════════
  🚀 Daily Report Generator Web 服务器
════════════════════════════════════════════════════════════

  ✅ 服务器已启动
  📍 地址: http://localhost:6688
  🌐 UI: http://localhost:6688/ui/
  📁 根目录: C:\Users\Administrator\Desktop\daily-report

  💡 提示:
     1. 在浏览器中打开上面的地址
     2. 或直接访问: http://localhost:6688
     3. 按 Ctrl+C 关闭服务器

════════════════════════════════════════════════════════════

(node:28344) [DEP0169] DeprecationWarning: `url.parse()` behavior is not standardized and prone to errors that have security implications. Use the WHATWG URL API instead. CVEs are not issued for `url.parse()` vulnerabilities.
(Use `node --trace-deprecation ...` to show where the warning was created)
✅ 定时任务管理器已初始化
✅ 定时任务已启动 (间隔: 30分钟)

════════════════════════════════════════════════════════════
  🚀 Daily Report Generator Web 服务器
════════════════════════════════════════════════════════════

  ✅ 服务器已启动
  📍 地址: http://localhost:6688
  🌐 UI: http://localhost:6688/ui/
  📁 根目录: C:\Users\Administrator\Desktop\daily-report

  💡 提示:
     1. 在浏览器中打开上面的地址
     2. 或直接访问: http://localhost:6688
     3. 按 Ctrl+C 关闭服务器

════════════════════════════════════════════════════════════

(node:26080) [DEP0169] DeprecationWarning: `url.parse()` behavior is not standardized and prone to errors that have security implications. Use the WHATWG URL API instead. CVEs are not issued for `url.parse()` vulnerabilities.
(Use `node --trace-deprecation ...` to show where the warning was created)
✅ 定时任务管理器已初始化
✅ 定时任务已启动 (间隔: 30分钟)

════════════════════════════════════════════════════════════
  🚀 Daily Report Generator Web 服务器
════════════════════════════════════════════════════════════

  ✅ 服务器已启动
  📍 地址: http://localhost:6688
  🌐 UI: http://localhost:6688/ui/
  📁 根目录: C:\Users\Administrator\Desktop\daily-report

  💡 提示:
     1. 在浏览器中打开上面的地址
     2. 或直接访问: http://localhost:6688
     3. 按 Ctrl+C 关闭服务器

════════════════════════════════════════════════════════════

(node:16288) [DEP0169] DeprecationWarning: `url.parse()` behavior is not standardized and prone to errors that have security implications. Use the WHATWG URL API instead. CVEs are not issued for `url.parse()` vulnerabilities.
(Use `node --trace-deprecation ...` to show where the warning was created)
✅ 定时任务管理器已初始化
✅ 定时任务已启动 (间隔: 30分钟)

════════════════════════════════════════════════════════════
  🚀 Daily Report Generator Web 服务器
════════════════════════════════════════════════════════════

  ✅ 服务器已启动
  📍 地址: http://localhost:6688
  🌐 UI: http://localhost:6688/ui/
  📁 根目录: C:\Users\Administrator\Desktop\daily-report

  💡 提示:
     1. 在浏览器中打开上面的地址
     2. 或直接访问: http://localhost:6688
     3. 按 Ctrl+C 关闭服务器

════════════════════════════════════════════════════════════

(node:12140) [DEP0169] DeprecationWarning: `url.parse()` behavior is not standardized and prone to errors that have security implications. Use the WHATWG URL API instead. CVEs are not issued for `url.parse()` vulnerabilities.
(Use `node --trace-deprecation ...` to show where the warning was created)
✅ 定时任务管理器已初始化
✅ 定时任务已启动 (间隔: 30分钟)

════════════════════════════════════════════════════════════
  🚀 Daily Report Generator Web 服务器
════════════════════════════════════════════════════════════

  ✅ 服务器已启动
  📍 地址: http://localhost:6688
  🌐 UI: http://localhost:6688/ui/
  📁 根目录: C:\Users\Administrator\Desktop\daily-report

  💡 提示:
     1. 在浏览器中打开上面的地址
     2. 或直接访问: http://localhost:6688
     3. 按 Ctrl+C 关闭服务器

════════════════════════════════════════════════════════════

(node:13556) [DEP0169] DeprecationWarning: `url.parse()` behavior is not standardized and prone to errors that have security implications. Use the WHATWG URL API instead. CVEs are not issued for `url.parse()` vulnerabilities.
(Use `node --trace-deprecation ...` to show where the warning was created)
✅ 定时任务管理器已初始化
✅ 定时任务已启动 (间隔: 30分钟)

════════════════════════════════════════════════════════════
  🚀 Daily Report Generator Web 服务器
════════════════════════════════════════════════════════════

  ✅ 服务器已启动
  📍 地址: http://localhost:6688
  🌐 UI: http://localhost:6688/ui/
  📁 根目录: C:\Users\Administrator\Desktop\daily-report

  💡 提示:
     1. 在浏览器中打开上面的地址
     2. 或直接访问: http://localhost:6688
     3. 按 Ctrl+C 关闭服务器

════════════════════════════════════════════════════════════

(node:11556) [DEP0169] DeprecationWarning: `url.parse()` behavior is not standardized and prone to errors that have security implications. Use the WHATWG URL API instead. CVEs are not issued for `url.parse()` vulnerabilities.
(Use `node --trace-deprecation ...` to show where the warning was created)
✅ 定时任务管理器已初始化
✅ 定时任务已启动 (间隔: 30分钟)

════════════════════════════════════════════════════════════
  🚀 Daily Report Generator Web 服务器
════════════════════════════════════════════════════════════

  ✅ 服务器已启动
  📍 地址: http://localhost:6688
  🌐 UI: http://localhost:6688/ui/
  📁 根目录: C:\Users\Administrator\Desktop\daily-report

  💡 提示:
     1. 在浏览器中打开上面的地址
     2. 或直接访问: http://localhost:6688
     3. 按 Ctrl+C 关闭服务器

════════════════════════════════════════════════════════════

(node:21628) [DEP0169] DeprecationWarning: `url.parse()` behavior is not standardized and prone to errors that have security implications. Use the WHATWG URL API instead. CVEs are not issued for `url.parse()` vulnerabilities.
(Use `node --trace-deprecation ...` to show where the warning was created)
✅ 定时任务管理器已初始化
✅ 定时任务已启动 (间隔: 30分钟)

════════════════════════════════════════════════════════════
  🚀 Daily Report Generator Web 服务器
════════════════════════════════════════════════════════════

  ✅ 服务器已启动
  📍 地址: http://localhost:6688
  🌐 UI: http://localhost:6688/ui/
  📁 根目录: C:\Users\Administrator\Desktop\daily-report

  💡 提示:
     1. 在浏览器中打开上面的地址
     2. 或直接访问: http://localhost:6688
     3. 按 Ctrl+C 关闭服务器

════════════════════════════════════════════════════════════

(node:22796) [DEP0169] DeprecationWarning: `url.parse()` behavior is not standardized and prone to errors that have security implications. Use the WHATWG URL API instead. CVEs are not issued for `url.parse()` vulnerabilities.
(Use `node --trace-deprecation ...` to show where the warning was created)
